nunomendes@MacBook-Pro-de-Nuno InfraWatch % npm run dev

> infrawatch@1.0.0 dev
> tsx watch src/server.ts

InfraWatch Em Acção...
Agendador de monitoramento iniciado...
Servidor Fastify rodando em http://localhost:3002
Documentação disponível em http://localhost:3002/docs
Servidor Fastify exposto publicamente em https://infrawatch.loca.lt
Documentação disponível em https://infrawatch.loca.lt/docs
Job 1852 concluído para serviço Google
Job 1851 concluído para serviço NeonDB
Job 1853 concluído para serviço Router
Job 1848 concluído para serviço NeonDB
Job 1849 concluído para serviço Google
Job 1850 concluído para serviço Router
Job 1856 concluído para serviço Router
Job 1855 concluído para serviço Google
Job 1854 concluído para serviço NeonDB
Job 1857 concluído para serviço NeonDB
Job 1858 concluído para serviço Google
Job 1859 concluído para serviço Router
Job 1860 concluído para serviço NeonDB
Job 1861 concluído para serviço Google
Job 1862 concluído para serviço Router
Job 1863 concluído para serviço NeonDB
Job 1864 concluído para serviço Google
Job 1865 concluído para serviço Router
Job 1866 concluído para serviço NeonDB
Job 1871 concluído para serviço Router
Job 1873 concluído para serviço Google
^C1:19:10 PM [tsx] Previous process hasn't exited yet. Force killing...
nunomendes@MacBook-Pro-de-Nuno InfraWatch % 
nunomendes@MacBook-Pro-de-Nuno InfraWatch % git checkout GLPI-INIT 
Branch 'GLPI-INIT' set up to track remote branch 'GLPI-INIT' from 'origin'.
Switched to a new branch 'GLPI-INIT'
nunomendes@MacBook-Pro-de-Nuno InfraWatch % git fetch origin
nunomendes@MacBook-Pro-de-Nuno InfraWatch % git merge origin/main
Auto-merging src/server.ts
CONFLICT (content): Merge conflict in src/server.ts
Auto-merging src/Monitoring/Workers/worker2.ts
CONFLICT (content): Merge conflict in src/Monitoring/Workers/worker2.ts
Auto-merging src/Monitoring/Workers/slaWorker.ts
CONFLICT (content): Merge conflict in src/Monitoring/Workers/slaWorker.ts
Removing src/Monitoring/Checkers/CheckSNMP.ts
Removing src/Monitoring/Checkers/CheckHTTP.ts
Auto-merging src/Controllers/APIs/addServices.ts
Removing sla_report.pdf
Auto-merging prisma/schema.prisma
CONFLICT (content): Merge conflict in prisma/schema.prisma
Removing prisma/migrations/20250815060430_update/migration.sql
Removing prisma/migrations/20250815055606_update/migration.sql
Removing prisma/migrations/20250814230322_merge_user_service_sla/migration.sql
Removing prisma/migrations/20250814225513_update/migration.sql
Auto-merging package.json
CONFLICT (content): Merge conflict in package.json
Auto-merging package-lock.json
CONFLICT (content): Merge conflict in package-lock.json
Removing dist/socket.js
Removing dist/server.js
Removing dist/routes/Auth/loginRoutes.js
Removing dist/routes/Auth/VerifyOTPRoutes.js
Removing dist/routes/Auth/SolicitarResetPasswordRoutes.js
Removing dist/routes/Auth/ResetPasswordRoutes.js
Removing dist/routes/Auth/RegisterRoutes.js
Removing dist/routes/APIs/servicesRoutes.js
Removing dist/routes/APIs/serviceMetricsRoutes.js
Removing dist/routes/APIs/notificationRoutes.js
Removing dist/plugins/prisma.js
Removing dist/plugins/jwt.js
Removing dist/influxdb.js
Removing dist/Notifications/Twilio/TwilioProvider.js
Removing dist/Notifications/Telegram/TelegramProvider.js
Removing dist/Notifications/Slack/SlackProvider.js
Removing dist/Notifications/INotificationProvider.js
Removing dist/Notifications/Email/EmailProvider.js
Removing dist/Monitoring/Workers/worker.js
Removing dist/Monitoring/Workers/utils_worker2.js
Removing dist/Monitoring/Workers/utills_worker.js
Removing dist/Monitoring/Checkers/CheckWEBHOOK.js
Removing dist/Monitoring/Checkers/CheckSNMP.js
Removing dist/Monitoring/Checkers/CheckPING.js
Removing dist/Monitoring/Checkers/CheckHTTP.js
Removing dist/Controllers/Auth/login.js
Removing dist/Controllers/Auth/VerifyOTP.js
Removing dist/Controllers/Auth/SolicitarResetPassword.js
Removing dist/Controllers/Auth/ResetPassword.js
Removing dist/Controllers/Auth/Register.js
Removing dist/Controllers/APIs/services.js
Removing dist/Controllers/APIs/serviceMetrics.js
Removing dist/Controllers/APIs/Notification.js
Removing dist/AllRoutes/RegisterAllRoutes.js
Removing README.md
Auto-merging .env
CONFLICT (content): Merge conflict in .env
Automatic merge failed; fix conflicts and then commit the result.
nunomendes@MacBook-Pro-de-Nuno InfraWatch % git status
On branch GLPI-INIT
Your branch is up to date with 'origin/GLPI-INIT'.

You have unmerged paths.
  (fix conflicts and run "git commit")
  (use "git merge --abort" to abort the merge)

Changes to be committed:
	deleted:    README.md
	deleted:    dist/AllRoutes/RegisterAllRoutes.js
	deleted:    dist/Controllers/APIs/Notification.js
	deleted:    dist/Controllers/APIs/serviceMetrics.js
	deleted:    dist/Controllers/APIs/services.js
	deleted:    dist/Controllers/Auth/Register.js
	deleted:    dist/Controllers/Auth/ResetPassword.js
	deleted:    dist/Controllers/Auth/SolicitarResetPassword.js
	deleted:    dist/Controllers/Auth/VerifyOTP.js
	deleted:    dist/Controllers/Auth/login.js
	deleted:    dist/Monitoring/Checkers/CheckHTTP.js
	deleted:    dist/Monitoring/Checkers/CheckPING.js
	deleted:    dist/Monitoring/Checkers/CheckSNMP.js
	deleted:    dist/Monitoring/Checkers/CheckWEBHOOK.js
	deleted:    dist/Monitoring/Workers/utills_worker.js
	deleted:    dist/Monitoring/Workers/utils_worker2.js
	deleted:    dist/Monitoring/Workers/worker.js
	deleted:    dist/Notifications/Email/EmailProvider.js
	deleted:    dist/Notifications/INotificationProvider.js
	deleted:    dist/Notifications/Slack/SlackProvider.js
	deleted:    dist/Notifications/Telegram/TelegramProvider.js
	deleted:    dist/Notifications/Twilio/TwilioProvider.js
	deleted:    dist/influxdb.js
	deleted:    dist/plugins/jwt.js
	deleted:    dist/plugins/prisma.js
	deleted:    dist/routes/APIs/notificationRoutes.js
	deleted:    dist/routes/APIs/serviceMetricsRoutes.js
	deleted:    dist/routes/APIs/servicesRoutes.js
	deleted:    dist/routes/Auth/RegisterRoutes.js
	deleted:    dist/routes/Auth/ResetPasswordRoutes.js
	deleted:    dist/routes/Auth/SolicitarResetPasswordRoutes.js
	deleted:    dist/routes/Auth/VerifyOTPRoutes.js
	deleted:    dist/routes/Auth/loginRoutes.js
	deleted:    dist/server.js
	deleted:    dist/socket.js
	deleted:    prisma/migrations/20250814225513_update/migration.sql
	deleted:    prisma/migrations/20250814230322_merge_user_service_sla/migration.sql
	deleted:    prisma/migrations/20250815055606_update/migration.sql
	deleted:    prisma/migrations/20250815060430_update/migration.sql
	new file:   prisma/migrations/20250824205132_update/migration.sql
	modified:   prisma/migrations/migration_lock.toml
	deleted:    sla_report.pdf
	new file:   src/Analyzers/HttpIssueAnalyzer.ts
	new file:   src/Analyzers/PingIssueAnalyzer.ts
	new file:   src/Analyzers/analyzeSnmpIssue.ts
	new file:   src/Analyzers/analyzeWebhookIssue.ts
	modified:   src/Controllers/APIs/addServices.ts
	modified:   src/Influxdb/WriteMetrics/WriteSnmpMetrics.ts
	new file:   src/Influxdb/WriteMetrics/WriteWebhookEvent.ts
	modified:   src/Influxdb/WriteMetrics/WriteWebhookMetrics.ts
	renamed:    src/Monitoring/Checkers/CheckPING.ts -> src/Monitoring/Checkers/.nfs00000001c1686fb20000003b
	deleted:    src/Monitoring/Checkers/CheckHTTP.ts
	deleted:    src/Monitoring/Checkers/CheckSNMP.ts
	modified:   src/Monitoring/Checkers/CheckWEBHOOK.ts
	new file:   "src/Monitoring/Integra\303\247\303\265esExternas/GLPI/GlpiClients.ts"
	modified:   src/Monitoring/Queue/jobQueue.ts
	modified:   src/Monitoring/Queue/monitoringWorker.ts
	modified:   src/Monitoring/SlaTracking/slaReportGenerator.ts
	modified:   src/RegisterRoutes/RegisterRoutes.ts
	new file:   src/config/snmpConfig.ts
	renamed:    src/routes/APIs/incidents.ts -> src/routes/APIs/IncidentsRoutes.ts
	new file:   src/routes/APIs/proxyReceiverRoutes.ts
	modified:   src/routes/APIs/slaRoutes.ts
	modified:   src/routes/APIs/webhookReceiver.ts
	new file:   src/types/Problem.ts
	new file:   src/types/ProxyData.ts
	modified:   src/types/net-snmp.d.ts
	new file:   src/types/pdfkit.d.ts

Unmerged paths:
  (use "git add <file>..." to mark resolution)
	both modified:   .env
	both modified:   package-lock.json
	both modified:   package.json
	both modified:   prisma/schema.prisma
	both modified:   src/Monitoring/Workers/slaWorker.ts
	both modified:   src/Monitoring/Workers/worker2.ts
	both modified:   src/server.ts

nunomendes@MacBook-Pro-de-Nuno InfraWatch % git add .
nunomendes@MacBook-Pro-de-Nuno InfraWatch % git commit 
[GLPI-INIT 14f43d5] Merge remote-tracking branch 'origin/main' into GLPI-INIT
nunomendes@MacBook-Pro-de-Nuno InfraWatch % npm run dev           

> infrawatch@1.0.0 dev
> tsx watch src/server.ts

node:internal/modules/cjs/loader:1212
  const err = new Error(message);
              ^

Error: Cannot find module 'node-cron'
Require stack:
- /Users/nunomendes/Desktop/Desenvolvimento/Hackathon_RCS/InfraWatch/src/server.ts
    at Module._resolveFilename (node:internal/modules/cjs/loader:1212:15)
    at nextResolveSimple (/Users/nunomendes/Desktop/Desenvolvimento/Hackathon_RCS/InfraWatch/node_modules/tsx/dist/register-D46fvsV_.cjs:4:1004)
    at /Users/nunomendes/Desktop/Desenvolvimento/Hackathon_RCS/InfraWatch/node_modules/tsx/dist/register-D46fvsV_.cjs:3:2630
    at /Users/nunomendes/Desktop/Desenvolvimento/Hackathon_RCS/InfraWatch/node_modules/tsx/dist/register-D46fvsV_.cjs:3:1542
    at resolveTsPaths (/Users/nunomendes/Desktop/Desenvolvimento/Hackathon_RCS/InfraWatch/node_modules/tsx/dist/register-D46fvsV_.cjs:4:760)
    at /Users/nunomendes/Desktop/Desenvolvimento/Hackathon_RCS/InfraWatch/node_modules/tsx/dist/register-D46fvsV_.cjs:4:1102
    at m._resolveFilename (file:///Users/nunomendes/Desktop/Desenvolvimento/Hackathon_RCS/InfraWatch/node_modules/tsx/dist/register-B7jrtLTO.mjs:1:789)
    at Module._load (node:internal/modules/cjs/loader:1043:27)
    at Module.require (node:internal/modules/cjs/loader:1298:19)
    at require (node:internal/modules/helpers:182:18) {
  code: 'MODULE_NOT_FOUND',
  requireStack: [
    '/Users/nunomendes/Desktop/Desenvolvimento/Hackathon_RCS/InfraWatch/src/server.ts'
  ]
}

Node.js v20.19.4
nunomendes@MacBook-Pro-de-Nuno InfraWatch % 
nunomendes@MacBook-Pro-de-Nuno InfraWatch % npm install

added 7 packages, and audited 707 packages in 6s

104 packages are looking for funding
  run `npm fund` for details

9 vulnerabilities (5 low, 2 moderate, 2 high)

To address issues that do not require attention, run:
  npm audit fix

To address all issues (including breaking changes), run:
  npm audit fix --force

Run `npm audit` for details.
nunomendes@MacBook-Pro-de-Nuno InfraWatch % 

